\BOOKMARK [1][-]{section.1}{\376\377\000T\000h\000e\000\040\000e\000x\000p\000e\000r\000i\000m\000e\000n\000t}{}% 1
\BOOKMARK [1][-]{section.2}{\376\377\000T\000h\000e\000\040\000p\000h\000y\000s\000i\000c\000s}{}% 2
\BOOKMARK [2][-]{subsection.2.1}{\376\377\000T\000h\000e\000\040\000l\000i\000k\000e\000l\000i\000h\000o\000o\000d}{section.2}% 3
\BOOKMARK [2][-]{subsection.2.2}{\376\377\000W\000h\000y\000\040\000l\000o\000n\000g\000\040\000i\000n\000t\000e\000r\000r\000o\000g\000a\000t\000i\000o\000n\000\040\000t\000i\000m\000e\000s\000\040\000s\000t\000o\000p\000\040\000h\000e\000l\000p\000i\000n\000g}{section.2}% 4
\BOOKMARK [2][-]{subsection.2.3}{\376\377\000T\000h\000e\000\040\000c\000o\000m\000p\000e\000t\000i\000n\000g\000\040\000c\000o\000n\000s\000t\000r\000a\000i\000n\000t\000:\000\040\000p\000h\000a\000s\000e\000\040\000a\000m\000b\000i\000g\000u\000i\000t\000y}{section.2}% 5
\BOOKMARK [2][-]{subsection.2.4}{\376\377\000T\000h\000e\000\040\000f\000i\000g\000u\000r\000e\000\040\000o\000f\000\040\000m\000e\000r\000i\000t\000:\000\040\000B\000a\000y\000e\000s\000\040\000r\000i\000s\000k}{section.2}% 6
\BOOKMARK [2][-]{subsection.2.5}{\376\377\000T\000h\000e\000\040\000r\000e\000w\000a\000r\000d}{section.2}% 7
\BOOKMARK [1][-]{section.3}{\376\377\000P\000a\000r\000a\000m\000e\000t\000e\000r\000s}{}% 8
\BOOKMARK [1][-]{section.4}{\376\377\000T\000h\000e\000\040\000m\000e\000t\000h\000o\000d\000s\000:\000\040\000T\000R\000P\000O\000\040\000a\000n\000d\000\040\000C\000E\000M}{}% 9
\BOOKMARK [1][-]{section.5}{\376\377\000S\000M\000C\000\040\000w\000i\000t\000h\000\040\000L\000i\000u\040\023\000W\000e\000s\000t}{}% 10
\BOOKMARK [2][-]{subsection.5.1}{\376\377\000T\000h\000e\000\040\000t\000w\000o\000\040\000l\000e\000a\000r\000n\000e\000d\000\040\000p\000o\000l\000i\000c\000i\000e\000s}{section.5}% 11
\BOOKMARK [3][-]{subsubsection.5.1.1}{\376\377\0001\000.\000\040\000T\000R\000P\000O}{subsection.5.1}% 12
\BOOKMARK [3][-]{subsubsection.5.1.2}{\376\377\0002\000.\000\040\000C\000E\000M}{subsection.5.1}% 13
\BOOKMARK [1][-]{section.6}{\376\377\000T\000r\000a\000i\000n\000i\000n\000g}{}% 14
\BOOKMARK [1][-]{section.7}{\376\377\000E\000v\000a\000l\000u\000a\000t\000i\000o\000n}{}% 15
\BOOKMARK [1][-]{section.8}{\376\377\000A\000n\000a\000l\000y\000s\000i\000s\000\040\000o\000f\000\040\000o\000u\000t\000p\000u\000t\000\040\000d\000a\000t\000a}{}% 16
\BOOKMARK [2][-]{subsection.8.1}{\376\377\000V\000a\000l\000i\000d\000a\000t\000i\000o\000n\000\040\000o\000v\000e\000r\000\040\0001\0000\000\040\0000\0000\0000\000\040\000o\000m\000e\000g\000a}{section.8}% 17
\BOOKMARK [3][-]{subsubsection.8.1.1}{\376\377\000P\000o\000s\000t\000e\000r\000i\000o\000r\000\040\000c\000o\000l\000l\000a\000p\000s\000e}{subsection.8.1}% 18
\BOOKMARK [3][-]{subsubsection.8.1.2}{\376\377\000C\000h\000o\000s\000e\000n\000\040\000i\000n\000t\000e\000r\000r\000o\000g\000a\000t\000i\000o\000n\000\040\000t\000i\000m\000e\000s}{subsection.8.1}% 19
\BOOKMARK [1][-]{section.9}{\376\377\000S\000u\000m\000m\000a\000r\000y}{}% 20
\BOOKMARK [1][-]{section.10}{\376\377\000L\000i\000t\000e\000r\000a\000t\000u\000r\000e}{}% 21
